--------------------------------------------------------------------------------------
Timing Analyzer Summary
--------------------------------------------------------------------------------------

Type           : Worst-case tsu
Slack          : N/A
Required Time  : None
Actual Time    : 6.509 ns
From           : breath
To             : tgtrt[1][2]
From Clock     : --
To Clock       : clk5
Failed Paths   : 0

Type           : Worst-case tco
Slack          : N/A
Required Time  : None
Actual Time    : 10.379 ns
From           : tgtrt[1][1]
To             : tgtr[1][1]
From Clock     : clk5
To Clock       : --
Failed Paths   : 0

Type           : Worst-case th
Slack          : N/A
Required Time  : None
Actual Time    : -1.242 ns
From           : speeddown
To             : speedstate[0]
From Clock     : --
To Clock       : clk5
Failed Paths   : 0

Type           : Clock Setup: 'clk4'
Slack          : N/A
Required Time  : None
Actual Time    : 70.14 MHz ( period = 14.258 ns )
From           : shownumt[2][1]
To             : overt
From Clock     : clk4
To Clock       : clk4
Failed Paths   : 0

Type           : Clock Setup: 'clk5'
Slack          : N/A
Required Time  : None
Actual Time    : 114.88 MHz ( period = 8.705 ns )
From           : speedstate[0]
To             : tgtrt[1][2]
From Clock     : clk5
To Clock       : clk5
Failed Paths   : 0

Type           : Clock Setup: 'clk1'
Slack          : N/A
Required Time  : None
Actual Time    : 201.94 MHz ( period = 4.952 ns )
From           : shownumt[0][1]
To             : shownumt[1][3]
From Clock     : clk1
To Clock       : clk1
Failed Paths   : 0

Type           : Total number of failed paths
Slack          : 
Required Time  : 
Actual Time    : 
From           : 
To             : 
From Clock     : 
To Clock       : 
Failed Paths   : 0

--------------------------------------------------------------------------------------

